   0.000000e+00   3.079145e+02   2.992153e+02   2.984973e+02   3.018556e+02   2.962956e+02   2.950460e+02   2.983256e+02   2.910934e+02  -2.394346e+01   2.329725e+01
