     -249.106767559360463      192.260712257627375      249.678210813641357       44.222973116999391      -11.516137941844056
